Started GET "/" for ::1 at 2025-07-13 06:34:39 -0500
  [1m[35m (0.2ms)[0m  [1m[35mCREATE TABLE "schema_migrations" ("version" varchar NOT NULL PRIMARY KEY) /*application='Formality'*/[0m
  [1m[35m (0.1ms)[0m  [1m[35mCREATE TABLE "ar_internal_metadata" ("key" varchar NOT NULL PRIMARY KEY, "value" varchar, "created_at" datetime(6) NOT NULL, "updated_at" datetime(6) NOT NULL) /*application='Formality'*/[0m
  [1m[36mActiveRecord::SchemaMigration Load (0.1ms)[0m  [1m[34mSELECT "schema_migrations"."version" FROM "schema_migrations" ORDER BY "schema_migrations"."version" ASC /*application='Formality'*/[0m
Processing by Rails::WelcomeController#index as HTML
  Rendering /Users/rizwanreza/.rbenv/versions/3.4.1/lib/ruby/gems/3.4.0/gems/railties-8.0.2/lib/rails/templates/rails/welcome/index.html.erb
  Rendered /Users/rizwanreza/.rbenv/versions/3.4.1/lib/ruby/gems/3.4.0/gems/railties-8.0.2/lib/rails/templates/rails/welcome/index.html.erb (Duration: 0.3ms | GC: 0.0ms)
Completed 200 OK in 78ms (Views: 6.7ms | ActiveRecord: 0.0ms (0 queries, 0 cached) | GC: 0.0ms)


Started GET "/contact" for ::1 at 2025-07-13 06:34:43 -0500
Processing by ContactsController#new as HTML
  Rendering layout layouts/application.html.erb
  Rendering contacts/new.html.erb within layouts/application
  Rendered contacts/new.html.erb within layouts/application (Duration: 1.9ms | GC: 0.0ms)
  Rendered layout layouts/application.html.erb (Duration: 19.3ms | GC: 11.8ms)
Completed 200 OK in 74ms (Views: 20.4ms | ActiveRecord: 0.0ms (0 queries, 0 cached) | GC: 11.8ms)


Started GET "/assets/application-815082f4.css" for ::1 at 2025-07-13 06:34:43 -0500
Started GET "/contact" for ::1 at 2025-07-13 06:35:31 -0500
Processing by ContactsController#new as HTML
  Rendering layout layouts/application.html.erb
  Rendering contacts/new.html.erb within layouts/application
  Rendered contacts/new.html.erb within layouts/application (Duration: 10.0ms | GC: 0.4ms)
  Rendered layout layouts/application.html.erb (Duration: 10.4ms | GC: 0.4ms)
Completed 200 OK in 44ms (Views: 10.6ms | ActiveRecord: 0.0ms (0 queries, 0 cached) | GC: 4.4ms)


Started GET "/assets/application-61ee7845.css" for ::1 at 2025-07-13 06:35:31 -0500
Started GET "/contact" for ::1 at 2025-07-13 06:35:38 -0500
Processing by ContactsController#new as HTML
  Rendering layout layouts/application.html.erb
  Rendering contacts/new.html.erb within layouts/application
  Rendered contacts/new.html.erb within layouts/application (Duration: 0.6ms | GC: 0.0ms)
  Rendered layout layouts/application.html.erb (Duration: 1.0ms | GC: 0.0ms)
Completed 200 OK in 35ms (Views: 1.2ms | ActiveRecord: 0.0ms (0 queries, 0 cached) | GC: 1.0ms)


Started GET "/assets/application-e915cc92.css" for ::1 at 2025-07-13 06:35:38 -0500
Started GET "/contact" for ::1 at 2025-07-13 06:35:50 -0500
Processing by ContactsController#new as HTML
  Rendering layout layouts/application.html.erb
  Rendering contacts/new.html.erb within layouts/application
  Rendered contacts/new.html.erb within layouts/application (Duration: 0.5ms | GC: 0.0ms)
  Rendered layout layouts/application.html.erb (Duration: 0.9ms | GC: 0.0ms)
Completed 200 OK in 39ms (Views: 1.1ms | ActiveRecord: 0.0ms (0 queries, 0 cached) | GC: 1.2ms)


Started GET "/assets/application-ef6c1331.css" for ::1 at 2025-07-13 06:35:50 -0500
Started GET "/contact" for ::1 at 2025-07-13 06:35:58 -0500
Processing by ContactsController#new as HTML
  Rendering layout layouts/application.html.erb
  Rendering contacts/new.html.erb within layouts/application
  Rendered contacts/new.html.erb within layouts/application (Duration: 0.6ms | GC: 0.0ms)
  Rendered layout layouts/application.html.erb (Duration: 1.0ms | GC: 0.0ms)
Completed 200 OK in 41ms (Views: 1.1ms | ActiveRecord: 0.0ms (0 queries, 0 cached) | GC: 1.3ms)


Started GET "/assets/application-e6abd1b7.css" for ::1 at 2025-07-13 06:35:58 -0500
Started GET "/contact" for ::1 at 2025-07-13 06:36:44 -0500
Processing by ContactsController#new as HTML
  Rendering layout layouts/application.html.erb
  Rendering contacts/new.html.erb within layouts/application
  Rendered contacts/new.html.erb within layouts/application (Duration: 0.9ms | GC: 0.0ms)
  Rendered layout layouts/application.html.erb (Duration: 4.2ms | GC: 0.0ms)
Completed 200 OK in 35ms (Views: 5.0ms | ActiveRecord: 0.0ms (0 queries, 0 cached) | GC: 0.0ms)


Started GET "/assets/application-56a7d19b.css" for ::1 at 2025-07-13 06:36:44 -0500
Started GET "/contact" for ::1 at 2025-07-13 06:37:04 -0500
Processing by ContactsController#new as HTML
  Rendering layout layouts/application.html.erb
  Rendering contacts/new.html.erb within layouts/application
  Rendered contacts/new.html.erb within layouts/application (Duration: 0.7ms | GC: 0.0ms)
  Rendered layout layouts/application.html.erb (Duration: 2.7ms | GC: 0.2ms)
Completed 200 OK in 40ms (Views: 3.5ms | ActiveRecord: 0.0ms (0 queries, 0 cached) | GC: 6.0ms)


Started GET "/assets/application-91b4364c.css" for ::1 at 2025-07-13 06:37:04 -0500
Started GET "/contact" for ::1 at 2025-07-13 06:37:15 -0500
Processing by ContactsController#new as HTML
  Rendering layout layouts/application.html.erb
  Rendering contacts/new.html.erb within layouts/application
  Rendered contacts/new.html.erb within layouts/application (Duration: 0.5ms | GC: 0.0ms)
  Rendered layout layouts/application.html.erb (Duration: 0.9ms | GC: 0.0ms)
Completed 200 OK in 38ms (Views: 1.0ms | ActiveRecord: 0.0ms (0 queries, 0 cached) | GC: 0.5ms)


Started GET "/contact" for ::1 at 2025-07-13 06:39:47 -0500
Processing by ContactsController#new as HTML
  Rendering layout layouts/application.html.erb
  Rendering contacts/new.html.erb within layouts/application
  Rendered contacts/new.html.erb within layouts/application (Duration: 0.9ms | GC: 0.0ms)
  Rendered layout layouts/application.html.erb (Duration: 4.4ms | GC: 0.0ms)
Completed 200 OK in 30ms (Views: 5.4ms | ActiveRecord: 0.0ms (0 queries, 0 cached) | GC: 0.2ms)


Started GET "/assets/application-1e31b4cc.css" for ::1 at 2025-07-13 06:39:47 -0500
Started GET "/contact" for ::1 at 2025-07-13 06:39:55 -0500
Processing by ContactsController#new as HTML
  Rendering layout layouts/application.html.erb
  Rendering contacts/new.html.erb within layouts/application
  Rendered contacts/new.html.erb within layouts/application (Duration: 0.7ms | GC: 0.0ms)
  Rendered layout layouts/application.html.erb (Duration: 1.7ms | GC: 0.0ms)
Completed 200 OK in 24ms (Views: 2.5ms | ActiveRecord: 0.0ms (0 queries, 0 cached) | GC: 0.0ms)


Started POST "/contact" for ::1 at 2025-07-13 06:40:03 -0500
Processing by ContactsController#create as TURBO_STREAM
  Parameters: {"authenticity_token" => "[FILTERED]", "name" => "asda", "email" => "[FILTERED]", "subject" => "sakldjsa", "message" => "aslkjd", "commit" => "Send Message"}
  Rendering layout layouts/mailer.html.erb
  Rendering contact_mailer/contact_email.html.erb within layouts/mailer
  Rendered contact_mailer/contact_email.html.erb within layouts/mailer (Duration: 1.7ms | GC: 0.0ms)
  Rendered layout layouts/mailer.html.erb (Duration: 1.9ms | GC: 0.0ms)
ContactMailer#contact_email: processed outbound mail in 9.1ms
Delivered mail 68739b1359460_1750d26a013918@rizwanreza-personal.local.mail (19.1ms)
Date: Sun, 13 Jul 2025 06:40:03 -0500
From: dsadas@galdkjs.com
To: admin@example.com
Message-ID: <68739b1359460_1750d26a013918@rizwanreza-personal.local.mail>
Subject: Contact Form: sakldjsa
Mime-Version: 1.0
Content-Type: text/html;
 charset=UTF-8
Content-Transfer-Encoding: 7bit

<!-- BEGIN app/views/layouts/mailer.html.erb --><!DOCTYPE html>
<html>
  <head>
    <meta http-equiv="Content-Type" content="text/html; charset=utf-8">
    <style>
      /* Email styles need to be inline */
    </style>
  </head>

  <body>
    <!-- BEGIN app/views/contact_mailer/contact_email.html.erb --><!DOCTYPE html>
<html>
<head>
  <meta content='text/html; charset=UTF-8' http-equiv='Content-Type' />
</head>
<body>
  <h1>New Contact Form Submission</h1>
  
  <p><strong>Name:</strong> asda</p>
  <p><strong>Email:</strong> dsadas@galdkjs.com</p>
  <p><strong>Subject:</strong> sakldjsa</p>
  
  <h2>Message:</h2>
  <p><p>aslkjd</p></p>
  
  <hr>
  <p><em>This message was sent from your website's contact form.</em></p>
</body>
</html> <!-- END app/views/contact_mailer/contact_email.html.erb -->
  </body>
</html>
<!-- END app/views/layouts/mailer.html.erb -->
Redirected to http://localhost:3000/contact
Completed 302 Found in 84ms (ActiveRecord: 0.0ms (0 queries, 0 cached) | GC: 10.8ms)


Started GET "/contact" for ::1 at 2025-07-13 06:40:03 -0500
Processing by ContactsController#new as TURBO_STREAM
  Rendering layout layouts/application.html.erb
  Rendering contacts/new.html.erb within layouts/application
  Rendered contacts/new.html.erb within layouts/application (Duration: 0.7ms | GC: 0.0ms)
  Rendered layout layouts/application.html.erb (Duration: 2.2ms | GC: 0.4ms)
Completed 200 OK in 24ms (Views: 2.8ms | ActiveRecord: 0.0ms (0 queries, 0 cached) | GC: 0.4ms)


Started POST "/contact" for ::1 at 2025-07-13 06:40:21 -0500
Processing by ContactsController#create as TURBO_STREAM
  Parameters: {"authenticity_token" => "[FILTERED]", "name" => "das", "email" => "[FILTERED]", "subject" => "askjld", "message" => " ", "commit" => "Send Message"}
  Rendering layout layouts/application.html.erb
  Rendering contacts/new.html.erb within layouts/application
  Rendered contacts/new.html.erb within layouts/application (Duration: 0.3ms | GC: 0.0ms)
  Rendered layout layouts/application.html.erb (Duration: 0.5ms | GC: 0.0ms)
Completed 422 Unprocessable Content in 36ms (Views: 0.7ms | ActiveRecord: 0.0ms (0 queries, 0 cached) | GC: 0.0ms)


Started POST "/contact" for ::1 at 2025-07-13 06:41:00 -0500
Processing by ContactsController#create as TURBO_STREAM
  Parameters: {"authenticity_token" => "[FILTERED]", "name" => "asd", "email" => "[FILTERED]", "subject" => "sakdlj", "message" => " ", "commit" => "Send Message"}
  Rendering layout layouts/application.html.erb
  Rendering contacts/new.html.erb within layouts/application
  Rendered contacts/new.html.erb within layouts/application (Duration: 0.4ms | GC: 0.0ms)
  Rendered layout layouts/application.html.erb (Duration: 3.5ms | GC: 0.0ms)
Completed 422 Unprocessable Content in 27ms (Views: 4.7ms | ActiveRecord: 0.0ms (0 queries, 0 cached) | GC: 0.0ms)


Started GET "/assets/application-0a5fdef8.css" for ::1 at 2025-07-13 06:41:00 -0500
Started GET "/contact" for ::1 at 2025-07-13 06:41:00 -0500
Processing by ContactsController#new as HTML
  Rendering layout layouts/application.html.erb
  Rendering contacts/new.html.erb within layouts/application
  Rendered contacts/new.html.erb within layouts/application (Duration: 0.5ms | GC: 0.0ms)
  Rendered layout layouts/application.html.erb (Duration: 0.8ms | GC: 0.0ms)
Completed 200 OK in 22ms (Views: 0.9ms | ActiveRecord: 0.0ms (0 queries, 0 cached) | GC: 0.0ms)


Started POST "/contact" for ::1 at 2025-07-13 06:41:21 -0500
Processing by ContactsController#create as TURBO_STREAM
  Parameters: {"authenticity_token" => "[FILTERED]", "name" => "asdasda", "email" => "[FILTERED]", "subject" => "asjdlkas", "message" => "  ", "commit" => "Send Message"}
  Rendering layout layouts/application.html.erb
  Rendering contacts/new.html.erb within layouts/application
  Rendered contacts/new.html.erb within layouts/application (Duration: 0.7ms | GC: 0.2ms)
  Rendered layout layouts/application.html.erb (Duration: 6.2ms | GC: 2.5ms)
Completed 422 Unprocessable Content in 37ms (Views: 7.6ms | ActiveRecord: 0.0ms (0 queries, 0 cached) | GC: 8.2ms)


Started GET "/contact" for ::1 at 2025-07-13 06:42:17 -0500
Processing by ContactsController#new as HTML
  Rendering layout layouts/application.html.erb
  Rendering contacts/new.html.erb within layouts/application
  Rendered contacts/new.html.erb within layouts/application (Duration: 0.8ms | GC: 0.0ms)
  Rendered layout layouts/application.html.erb (Duration: 4.6ms | GC: 1.3ms)
Completed 200 OK in 28ms (Views: 7.3ms | ActiveRecord: 0.0ms (0 queries, 0 cached) | GC: 1.3ms)


Started GET "/contact" for ::1 at 2025-07-13 06:49:56 -0500
Processing by ContactsController#new as HTML
  Rendering layout layouts/application.html.erb
  Rendering contacts/new.html.erb within layouts/application
  Rendered contacts/new.html.erb within layouts/application (Duration: 1.1ms | GC: 0.1ms)
  Rendered layout layouts/application.html.erb (Duration: 2.4ms | GC: 0.1ms)
Completed 200 OK in 35ms (Views: 3.5ms | ActiveRecord: 0.0ms (0 queries, 0 cached) | GC: 0.1ms)


Started GET "/contact" for ::1 at 2025-07-13 06:50:03 -0500
Processing by ContactsController#new as HTML
  Rendering layout layouts/application.html.erb
  Rendering contacts/new.html.erb within layouts/application
  Rendered contacts/new.html.erb within layouts/application (Duration: 0.7ms | GC: 0.0ms)
  Rendered layout layouts/application.html.erb (Duration: 1.8ms | GC: 0.0ms)
Completed 200 OK in 25ms (Views: 2.5ms | ActiveRecord: 0.0ms (0 queries, 0 cached) | GC: 0.0ms)


Started GET "/contact" for ::1 at 2025-07-13 06:50:03 -0500
Processing by ContactsController#new as HTML
  Rendering layout layouts/application.html.erb
  Rendering contacts/new.html.erb within layouts/application
  Rendered contacts/new.html.erb within layouts/application (Duration: 0.4ms | GC: 0.0ms)
  Rendered layout layouts/application.html.erb (Duration: 0.6ms | GC: 0.0ms)
Completed 200 OK in 36ms (Views: 0.8ms | ActiveRecord: 0.0ms (0 queries, 0 cached) | GC: 0.0ms)


Started GET "/.well-known/appspecific/com.chrome.devtools.json" for ::1 at 2025-07-13 06:50:10 -0500
  
ActionController::RoutingError (No route matches [GET] "/.well-known/appspecific/com.chrome.devtools.json"):
  
Started GET "/assets/stimulus.min-2395e199.js.map" for ::1 at 2025-07-13 06:50:10 -0500
Started GET "/assets/turbo.min-5f3b7fda.js.map" for ::1 at 2025-07-13 06:50:10 -0500
Started GET "/contact" for ::1 at 2025-07-13 07:10:20 -0500
Processing by ContactsController#new as HTML
  Rendering layout layouts/application.html.erb
  Rendering contacts/new.html.erb within layouts/application
  Rendered contacts/new.html.erb within layouts/application (Duration: 0.8ms | GC: 0.0ms)
  Rendered layout layouts/application.html.erb (Duration: 2.7ms | GC: 0.6ms)
Completed 200 OK in 28ms (Views: 3.6ms | ActiveRecord: 0.0ms (0 queries, 0 cached) | GC: 0.6ms)


Started GET "/.well-known/appspecific/com.chrome.devtools.json" for ::1 at 2025-07-13 07:10:20 -0500
  
ActionController::RoutingError (No route matches [GET] "/.well-known/appspecific/com.chrome.devtools.json"):
  
Started GET "/contact" for ::1 at 2025-07-13 07:12:06 -0500
Processing by ContactsController#new as HTML
  Rendering layout layouts/application.html.erb
  Rendering contacts/new.html.erb within layouts/application
  Rendered contacts/new.html.erb within layouts/application (Duration: 0.5ms | GC: 0.0ms)
  Rendered layout layouts/application.html.erb (Duration: 0.8ms | GC: 0.0ms)
Completed 200 OK in 34ms (Views: 1.0ms | ActiveRecord: 0.0ms (0 queries, 0 cached) | GC: 0.0ms)


Started GET "/.well-known/appspecific/com.chrome.devtools.json" for ::1 at 2025-07-13 07:12:06 -0500
  
ActionController::RoutingError (No route matches [GET] "/.well-known/appspecific/com.chrome.devtools.json"):
  
  [1m[36mActiveRecord::InternalMetadata Load (0.4ms)[0m  [1m[34mSELECT * FROM "ar_internal_metadata" WHERE "ar_internal_metadata"."key" = 'environment' ORDER BY "ar_internal_metadata"."key" ASC LIMIT 1 /*application='Formality'*/[0m
  [1m[36mActiveRecord::InternalMetadata Create (0.2ms)[0m  [1m[32mINSERT INTO "ar_internal_metadata" ("key", "value", "created_at", "updated_at") VALUES ('environment', 'development', '2025-07-13 17:39:33.836336', '2025-07-13 17:39:33.836338') RETURNING "key" /*application='Formality'*/[0m
  [1m[36mActiveRecord::SchemaMigration Load (0.0ms)[0m  [1m[34mSELECT "schema_migrations"."version" FROM "schema_migrations" ORDER BY "schema_migrations"."version" ASC /*application='Formality'*/[0m
Migrating to CreateUsers (20250713173908)
  [1m[36mTRANSACTION (0.0ms)[0m  [1m[35mBEGIN immediate TRANSACTION /*application='Formality'*/[0m
  [1m[35m (0.6ms)[0m  [1m[35mCREATE TABLE "users" ("id" integer PRIMARY KEY AUTOINCREMENT NOT NULL, "email" varchar, "password_digest" varchar, "timezone" varchar, "public" boolean, "date_of_birth" date, "created_at" datetime(6) NOT NULL, "updated_at" datetime(6) NOT NULL) /*application='Formality'*/[0m
  [1m[36mActiveRecord::SchemaMigration Create (0.0ms)[0m  [1m[32mINSERT INTO "schema_migrations" ("version") VALUES ('20250713173908') RETURNING "version" /*application='Formality'*/[0m
  [1m[36mTRANSACTION (0.1ms)[0m  [1m[35mCOMMIT TRANSACTION /*application='Formality'*/[0m
  [1m[36mActiveRecord::SchemaMigration Load (0.0ms)[0m  [1m[34mSELECT "schema_migrations"."version" FROM "schema_migrations" ORDER BY "schema_migrations"."version" ASC /*application='Formality'*/[0m
Started GET "/" for ::1 at 2025-07-13 12:41:13 -0500
  [1m[36mActiveRecord::SchemaMigration Load (0.1ms)[0m  [1m[34mSELECT "schema_migrations"."version" FROM "schema_migrations" ORDER BY "schema_migrations"."version" ASC /*application='Formality'*/[0m
Processing by Rails::WelcomeController#index as HTML
  Rendering /Users/rizwanreza/.rbenv/versions/3.4.1/lib/ruby/gems/3.4.0/gems/railties-8.0.2/lib/rails/templates/rails/welcome/index.html.erb
  Rendered /Users/rizwanreza/.rbenv/versions/3.4.1/lib/ruby/gems/3.4.0/gems/railties-8.0.2/lib/rails/templates/rails/welcome/index.html.erb (Duration: 0.4ms | GC: 0.0ms)
Completed 200 OK in 25ms (Views: 1.0ms | ActiveRecord: 0.0ms (0 queries, 0 cached) | GC: 0.0ms)


  [1m[36mActiveRecord::InternalMetadata Load (0.4ms)[0m  [1m[34mSELECT * FROM "ar_internal_metadata" WHERE "ar_internal_metadata"."key" = 'environment' ORDER BY "ar_internal_metadata"."key" ASC LIMIT 1 /*application='Formality'*/[0m
  [1m[36mActiveRecord::SchemaMigration Load (0.0ms)[0m  [1m[34mSELECT "schema_migrations"."version" FROM "schema_migrations" ORDER BY "schema_migrations"."version" ASC /*application='Formality'*/[0m
  [1m[36mActiveRecord::SchemaMigration Load (0.0ms)[0m  [1m[34mSELECT "schema_migrations"."version" FROM "schema_migrations" ORDER BY "schema_migrations"."version" ASC /*application='Formality'*/[0m
  [1m[36mUser Load (2.1ms)[0m  [1m[34mSELECT "users".* FROM "users" /* loading for pp */ LIMIT 11 /*application='Formality'*/[0m
  [1m[36mActiveRecord::SchemaMigration Load (0.1ms)[0m  [1m[34mSELECT "schema_migrations"."version" FROM "schema_migrations" ORDER BY "schema_migrations"."version" ASC /*application='Formality'*/[0m
  [1m[36mTRANSACTION (0.1ms)[0m  [1m[35mBEGIN immediate TRANSACTION /*application='Formality'*/[0m
  [1m[36mUser Create (0.7ms)[0m  [1m[32mINSERT INTO "users" ("email", "password_digest", "timezone", "public", "date_of_birth", "created_at", "updated_at") VALUES ('frodo.baggins@shire.me', '$2a$12$AUhq9y7ELcua3bIxTwNGgOxlFun3PmL6nOTbgEz0v0tnuaEcWrJp6', 'Pacific Time (US & Canada)', 1, '2980-09-22', '2025-07-13 17:42:12.080698', '2025-07-13 17:42:12.080698') RETURNING "id" /*application='Formality'*/[0m
  [1m[36mTRANSACTION (0.5ms)[0m  [1m[35mCOMMIT TRANSACTION /*application='Formality'*/[0m
Started GET "/users/edit" for ::1 at 2025-07-13 12:42:28 -0500
  
ActionController::RoutingError (No route matches [GET] "/users/edit"):
  
Started GET "/users/1/edit" for ::1 at 2025-07-13 12:42:32 -0500
  
ActionController::RoutingError (No route matches [GET] "/users/1/edit"):
  
Started GET "/user/edit" for ::1 at 2025-07-13 12:42:42 -0500
Processing by UsersController#edit as HTML
Completed 500 Internal Server Error in 35ms (ActiveRecord: 0.0ms (0 queries, 0 cached) | GC: 0.2ms)


  
LoadError (cannot load such file -- bcrypt):
  
app/models/user.rb:2:in '<class:User>'
app/models/user.rb:1:in '<main>'
app/controllers/users_controller.rb:19:in 'UsersController#set_user'
Started GET "/user/edit" for ::1 at 2025-07-13 12:42:54 -0500
  [1m[36mActiveRecord::SchemaMigration Load (0.1ms)[0m  [1m[34mSELECT "schema_migrations"."version" FROM "schema_migrations" ORDER BY "schema_migrations"."version" ASC /*application='Formality'*/[0m
Processing by UsersController#edit as HTML
  [1m[36mUser Load (0.1ms)[0m  [1m[34mSELECT "users".* FROM "users" ORDER BY "users"."id" ASC LIMIT 1 /*action='edit',application='Formality',controller='users'*/[0m
  ↳ app/controllers/users_controller.rb:19:in 'UsersController#set_user'
  Rendering layout layouts/application.html.erb
  Rendering users/edit.html.erb within layouts/application
  Rendered users/edit.html.erb within layouts/application (Duration: 31.5ms | GC: 0.0ms)
  Rendered layout layouts/application.html.erb (Duration: 36.4ms | GC: 0.0ms)
Completed 200 OK in 98ms (Views: 39.3ms | ActiveRecord: 1.2ms (1 query, 0 cached) | GC: 0.7ms)


Started GET "/user/edit" for ::1 at 2025-07-13 12:43:24 -0500
Processing by UsersController#edit as HTML
  [1m[36mUser Load (0.1ms)[0m  [1m[34mSELECT "users".* FROM "users" ORDER BY "users"."id" ASC LIMIT 1 /*action='edit',application='Formality',controller='users'*/[0m
  ↳ app/controllers/users_controller.rb:19:in 'UsersController#set_user'
  Rendering layout layouts/application.html.erb
  Rendering users/edit.html.erb within layouts/application
  Rendered users/edit.html.erb within layouts/application (Duration: 3.6ms | GC: 2.4ms)
  Rendered layout layouts/application.html.erb (Duration: 8.3ms | GC: 5.9ms)
Completed 200 OK in 48ms (Views: 10.2ms | ActiveRecord: 1.5ms (1 query, 0 cached) | GC: 15.0ms)


Started GET "/user/edit" for ::1 at 2025-07-13 12:43:41 -0500
Processing by UsersController#edit as HTML
  [1m[36mUser Load (0.0ms)[0m  [1m[34mSELECT "users".* FROM "users" ORDER BY "users"."id" ASC LIMIT 1 /*action='edit',application='Formality',controller='users'*/[0m
  ↳ app/controllers/users_controller.rb:19:in 'UsersController#set_user'
  Rendering layout layouts/application.html.erb
  Rendering users/edit.html.erb within layouts/application
  Rendered users/edit.html.erb within layouts/application (Duration: 1.3ms | GC: 0.2ms)
  Rendered layout layouts/application.html.erb (Duration: 2.3ms | GC: 0.2ms)
Completed 200 OK in 32ms (Views: 3.1ms | ActiveRecord: 0.7ms (1 query, 0 cached) | GC: 0.6ms)


Started GET "/user/edit" for ::1 at 2025-07-13 12:43:49 -0500
Processing by UsersController#edit as HTML
  [1m[36mUser Load (0.1ms)[0m  [1m[34mSELECT "users".* FROM "users" ORDER BY "users"."id" ASC LIMIT 1 /*action='edit',application='Formality',controller='users'*/[0m
  ↳ app/controllers/users_controller.rb:19:in 'UsersController#set_user'
  Rendering layout layouts/application.html.erb
  Rendering users/edit.html.erb within layouts/application
  Rendered users/edit.html.erb within layouts/application (Duration: 1.5ms | GC: 0.0ms)
  Rendered layout layouts/application.html.erb (Duration: 3.0ms | GC: 0.0ms)
Completed 200 OK in 33ms (Views: 3.7ms | ActiveRecord: 0.9ms (1 query, 0 cached) | GC: 0.1ms)


Started PATCH "/user" for ::1 at 2025-07-13 12:44:11 -0500
Processing by UsersController#update as TURBO_STREAM
  Parameters: {"authenticity_token" => "[FILTERED]", "user" => {"email" => "[FILTERED]", "password" => "[FILTERED]", "timezone" => "America/Indiana/Marengo", "public" => "1", "date_of_birth" => "2980-09-19"}, "commit" => "Save changes"}
  [1m[36mUser Load (0.0ms)[0m  [1m[34mSELECT "users".* FROM "users" ORDER BY "users"."id" ASC LIMIT 1 /*action='update',application='Formality',controller='users'*/[0m
  ↳ app/controllers/users_controller.rb:19:in 'UsersController#set_user'
  [1m[36mTRANSACTION (0.0ms)[0m  [1m[35mBEGIN immediate TRANSACTION /*action='update',application='Formality',controller='users'*/[0m
  ↳ app/controllers/users_controller.rb:8:in 'UsersController#update'
  [1m[36mUser Update (0.5ms)[0m  [1m[33mUPDATE "users" SET "timezone" = 'America/Indiana/Marengo', "date_of_birth" = '2980-09-19', "updated_at" = '2025-07-13 17:44:11.099759' WHERE "users"."id" = 1 /*action='update',application='Formality',controller='users'*/[0m
  ↳ app/controllers/users_controller.rb:8:in 'UsersController#update'
  [1m[36mTRANSACTION (0.1ms)[0m  [1m[35mCOMMIT TRANSACTION /*action='update',application='Formality',controller='users'*/[0m
  ↳ app/controllers/users_controller.rb:8:in 'UsersController#update'
Redirected to http://localhost:3000/user/edit.1
Completed 302 Found in 26ms (ActiveRecord: 1.2ms (2 queries, 0 cached) | GC: 0.0ms)


Started GET "/user/edit.1" for ::1 at 2025-07-13 12:44:11 -0500
Processing by UsersController#edit as */*
  [1m[36mUser Load (0.1ms)[0m  [1m[34mSELECT "users".* FROM "users" ORDER BY "users"."id" ASC LIMIT 1 /*action='edit',application='Formality',controller='users'*/[0m
  ↳ app/controllers/users_controller.rb:19:in 'UsersController#set_user'
  Rendering layout layouts/application.html.erb
  Rendering users/edit.html.erb within layouts/application
  Rendered users/edit.html.erb within layouts/application (Duration: 1.0ms | GC: 0.0ms)
  Rendered layout layouts/application.html.erb (Duration: 2.0ms | GC: 0.0ms)
Completed 200 OK in 24ms (Views: 2.7ms | ActiveRecord: 0.1ms (1 query, 0 cached) | GC: 0.0ms)


Started GET "/user/edit.1" for ::1 at 2025-07-13 12:44:12 -0500
Processing by UsersController#edit as */*
  [1m[36mUser Load (0.1ms)[0m  [1m[34mSELECT "users".* FROM "users" ORDER BY "users"."id" ASC LIMIT 1 /*action='edit',application='Formality',controller='users'*/[0m
  ↳ app/controllers/users_controller.rb:19:in 'UsersController#set_user'
  Rendering layout layouts/application.html.erb
  Rendering users/edit.html.erb within layouts/application
  Rendered users/edit.html.erb within layouts/application (Duration: 0.9ms | GC: 0.0ms)
  Rendered layout layouts/application.html.erb (Duration: 1.1ms | GC: 0.0ms)
Completed 200 OK in 41ms (Views: 1.3ms | ActiveRecord: 6.8ms (1 query, 0 cached) | GC: 6.7ms)


Started GET "/user/edit" for ::1 at 2025-07-13 12:44:13 -0500
Processing by UsersController#edit as HTML
  [1m[36mUser Load (0.1ms)[0m  [1m[34mSELECT "users".* FROM "users" ORDER BY "users"."id" ASC LIMIT 1 /*action='edit',application='Formality',controller='users'*/[0m
  ↳ app/controllers/users_controller.rb:19:in 'UsersController#set_user'
  Rendering layout layouts/application.html.erb
  Rendering users/edit.html.erb within layouts/application
  Rendered users/edit.html.erb within layouts/application (Duration: 0.9ms | GC: 0.0ms)
  Rendered layout layouts/application.html.erb (Duration: 1.1ms | GC: 0.0ms)
Completed 200 OK in 40ms (Views: 1.3ms | ActiveRecord: 0.1ms (1 query, 0 cached) | GC: 0.4ms)


Started PATCH "/user" for ::1 at 2025-07-13 12:44:17 -0500
Processing by UsersController#update as TURBO_STREAM
  Parameters: {"authenticity_token" => "[FILTERED]", "user" => {"email" => "[FILTERED]", "password" => "[FILTERED]", "timezone" => "America/Nome", "public" => "1", "date_of_birth" => "2980-09-19"}, "commit" => "Save changes"}
  [1m[36mUser Load (0.1ms)[0m  [1m[34mSELECT "users".* FROM "users" ORDER BY "users"."id" ASC LIMIT 1 /*action='update',application='Formality',controller='users'*/[0m
  ↳ app/controllers/users_controller.rb:19:in 'UsersController#set_user'
  [1m[36mTRANSACTION (0.0ms)[0m  [1m[35mBEGIN immediate TRANSACTION /*action='update',application='Formality',controller='users'*/[0m
  ↳ app/controllers/users_controller.rb:8:in 'UsersController#update'
  [1m[36mUser Update (0.5ms)[0m  [1m[33mUPDATE "users" SET "timezone" = 'America/Nome', "updated_at" = '2025-07-13 17:44:17.611297' WHERE "users"."id" = 1 /*action='update',application='Formality',controller='users'*/[0m
  ↳ app/controllers/users_controller.rb:8:in 'UsersController#update'
  [1m[36mTRANSACTION (0.2ms)[0m  [1m[35mCOMMIT TRANSACTION /*action='update',application='Formality',controller='users'*/[0m
  ↳ app/controllers/users_controller.rb:8:in 'UsersController#update'
Redirected to http://localhost:3000/user/edit.1
Completed 302 Found in 42ms (ActiveRecord: 0.9ms (2 queries, 0 cached) | GC: 0.8ms)


Started GET "/user/edit.1" for ::1 at 2025-07-13 12:44:17 -0500
Processing by UsersController#edit as */*
  [1m[36mUser Load (0.1ms)[0m  [1m[34mSELECT "users".* FROM "users" ORDER BY "users"."id" ASC LIMIT 1 /*action='edit',application='Formality',controller='users'*/[0m
  ↳ app/controllers/users_controller.rb:19:in 'UsersController#set_user'
  Rendering layout layouts/application.html.erb
  Rendering users/edit.html.erb within layouts/application
  Rendered users/edit.html.erb within layouts/application (Duration: 0.9ms | GC: 0.0ms)
  Rendered layout layouts/application.html.erb (Duration: 1.2ms | GC: 0.2ms)
Completed 200 OK in 21ms (Views: 1.4ms | ActiveRecord: 0.1ms (1 query, 0 cached) | GC: 0.2ms)


Started GET "/user/edit.1" for ::1 at 2025-07-13 12:44:18 -0500
Processing by UsersController#edit as */*
  [1m[36mUser Load (0.1ms)[0m  [1m[34mSELECT "users".* FROM "users" ORDER BY "users"."id" ASC LIMIT 1 /*action='edit',application='Formality',controller='users'*/[0m
  ↳ app/controllers/users_controller.rb:19:in 'UsersController#set_user'
  Rendering layout layouts/application.html.erb
  Rendering users/edit.html.erb within layouts/application
  Rendered users/edit.html.erb within layouts/application (Duration: 1.5ms | GC: 0.4ms)
  Rendered layout layouts/application.html.erb (Duration: 1.8ms | GC: 0.4ms)
Completed 200 OK in 41ms (Views: 2.0ms | ActiveRecord: 0.1ms (1 query, 0 cached) | GC: 0.4ms)


Started PATCH "/user" for ::1 at 2025-07-13 12:44:25 -0500
Processing by UsersController#update as TURBO_STREAM
  Parameters: {"authenticity_token" => "[FILTERED]", "user" => {"email" => "[FILTERED]", "password" => "[FILTERED]", "timezone" => "Central Time (US & Canada)", "public" => "1", "date_of_birth" => "2980-09-19"}, "commit" => "Save changes"}
  [1m[36mUser Load (0.1ms)[0m  [1m[34mSELECT "users".* FROM "users" ORDER BY "users"."id" ASC LIMIT 1 /*action='update',application='Formality',controller='users'*/[0m
  ↳ app/controllers/users_controller.rb:19:in 'UsersController#set_user'
  [1m[36mTRANSACTION (0.0ms)[0m  [1m[35mBEGIN immediate TRANSACTION /*action='update',application='Formality',controller='users'*/[0m
  ↳ app/controllers/users_controller.rb:8:in 'UsersController#update'
  [1m[36mUser Update (0.9ms)[0m  [1m[33mUPDATE "users" SET "timezone" = 'Central Time (US & Canada)', "updated_at" = '2025-07-13 17:44:25.990360' WHERE "users"."id" = 1 /*action='update',application='Formality',controller='users'*/[0m
  ↳ app/controllers/users_controller.rb:8:in 'UsersController#update'
  [1m[36mTRANSACTION (0.1ms)[0m  [1m[35mCOMMIT TRANSACTION /*action='update',application='Formality',controller='users'*/[0m
  ↳ app/controllers/users_controller.rb:8:in 'UsersController#update'
Redirected to http://localhost:3000/user/edit.1
Completed 302 Found in 41ms (ActiveRecord: 1.1ms (2 queries, 0 cached) | GC: 0.2ms)


Started GET "/user/edit.1" for ::1 at 2025-07-13 12:44:25 -0500
Processing by UsersController#edit as */*
  [1m[36mUser Load (0.1ms)[0m  [1m[34mSELECT "users".* FROM "users" ORDER BY "users"."id" ASC LIMIT 1 /*action='edit',application='Formality',controller='users'*/[0m
  ↳ app/controllers/users_controller.rb:19:in 'UsersController#set_user'
  Rendering layout layouts/application.html.erb
  Rendering users/edit.html.erb within layouts/application
  Rendered users/edit.html.erb within layouts/application (Duration: 1.0ms | GC: 0.0ms)
  Rendered layout layouts/application.html.erb (Duration: 1.3ms | GC: 0.0ms)
Completed 200 OK in 28ms (Views: 1.6ms | ActiveRecord: 0.1ms (1 query, 0 cached) | GC: 0.2ms)


Started GET "/user/edit.1" for ::1 at 2025-07-13 13:02:06 -0500
Processing by UsersController#edit as */*
  [1m[36mUser Load (1.3ms)[0m  [1m[34mSELECT "users".* FROM "users" ORDER BY "users"."id" ASC LIMIT 1 /*action='edit',application='Formality',controller='users'*/[0m
  ↳ app/controllers/users_controller.rb:19:in 'UsersController#set_user'
  Rendering layout layouts/application.html.erb
  Rendering users/edit.html.erb within layouts/application
  Rendered users/edit.html.erb within layouts/application (Duration: 1.2ms | GC: 0.0ms)
  Rendered layout layouts/application.html.erb (Duration: 2.5ms | GC: 0.0ms)
Completed 200 OK in 31ms (Views: 3.3ms | ActiveRecord: 1.3ms (1 query, 0 cached) | GC: 0.9ms)


Started GET "/.well-known/appspecific/com.chrome.devtools.json" for ::1 at 2025-07-13 13:02:07 -0500
  
ActionController::RoutingError (No route matches [GET] "/.well-known/appspecific/com.chrome.devtools.json"):
  
Started GET "/user/edit.1" for ::1 at 2025-07-13 13:02:56 -0500
Processing by UsersController#edit as */*
  [1m[36mUser Load (0.0ms)[0m  [1m[34mSELECT "users".* FROM "users" ORDER BY "users"."id" ASC LIMIT 1 /*action='edit',application='Formality',controller='users'*/[0m
  ↳ app/controllers/users_controller.rb:19:in 'UsersController#set_user'
  Rendering layout layouts/application.html.erb
  Rendering users/edit.html.erb within layouts/application
  Rendered users/edit.html.erb within layouts/application (Duration: 1.9ms | GC: 0.5ms)
  Rendered layout layouts/application.html.erb (Duration: 3.2ms | GC: 0.5ms)
Completed 200 OK in 31ms (Views: 4.1ms | ActiveRecord: 1.0ms (1 query, 0 cached) | GC: 1.0ms)


Started GET "/.well-known/appspecific/com.chrome.devtools.json" for ::1 at 2025-07-13 13:02:56 -0500
  
ActionController::RoutingError (No route matches [GET] "/.well-known/appspecific/com.chrome.devtools.json"):
  
Started GET "/user/edit.1" for ::1 at 2025-07-13 13:03:13 -0500
Processing by UsersController#edit as */*
  [1m[36mUser Load (0.0ms)[0m  [1m[34mSELECT "users".* FROM "users" ORDER BY "users"."id" ASC LIMIT 1 /*action='edit',application='Formality',controller='users'*/[0m
  ↳ app/controllers/users_controller.rb:19:in 'UsersController#set_user'
  Rendering layout layouts/application.html.erb
  Rendering users/edit.html.erb within layouts/application
  Rendered users/edit.html.erb within layouts/application (Duration: 1.0ms | GC: 0.0ms)
  Rendered layout layouts/application.html.erb (Duration: 2.0ms | GC: 0.1ms)
Completed 200 OK in 29ms (Views: 2.6ms | ActiveRecord: 0.8ms (1 query, 0 cached) | GC: 0.4ms)


Started GET "/.well-known/appspecific/com.chrome.devtools.json" for ::1 at 2025-07-13 13:03:13 -0500
  
ActionController::RoutingError (No route matches [GET] "/.well-known/appspecific/com.chrome.devtools.json"):
  
Started GET "/user/edit.1" for ::1 at 2025-07-13 13:35:42 -0500
Processing by UsersController#edit as */*
Completed 500 Internal Server Error in 25ms (ActiveRecord: 0.0ms (0 queries, 0 cached) | GC: 0.0ms)


  
NoMethodError (undefined method 'set_user' for an instance of UsersController):
  
railties (8.0.2) lib/rails/engine/lazy_route_set.rb:99:in 'method_missing'
activesupport (8.0.2) lib/active_support/callbacks.rb:361:in 'block in ActiveSupport::Callbacks::CallTemplate::MethodCall#make_lambda'
activesupport (8.0.2) lib/active_support/callbacks.rb:178:in 'block in ActiveSupport::Callbacks::Filters::Before#call'
actionpack (8.0.2) lib/abstract_controller/callbacks.rb:34:in 'block (2 levels) in <module:Callbacks>'
activesupport (8.0.2) lib/active_support/callbacks.rb:179:in 'ActiveSupport::Callbacks::Filters::Before#call'
activesupport (8.0.2) lib/active_support/callbacks.rb:559:in 'block in ActiveSupport::Callbacks::CallbackSequence#invoke_before'
activesupport (8.0.2) lib/active_support/callbacks.rb:559:in 'Array#each'
activesupport (8.0.2) lib/active_support/callbacks.rb:559:in 'ActiveSupport::Callbacks::CallbackSequence#invoke_before'
activesupport (8.0.2) lib/active_support/callbacks.rb:118:in 'block in ActiveSupport::Callbacks#run_callbacks'
turbo-rails (2.0.16) lib/turbo-rails.rb:24:in 'Turbo.with_request_id'
turbo-rails (2.0.16) app/controllers/concerns/turbo/request_id_tracking.rb:10:in 'Turbo::RequestIdTracking#turbo_tracking_request_id'
activesupport (8.0.2) lib/active_support/callbacks.rb:129:in 'block in ActiveSupport::Callbacks#run_callbacks'
actiontext (8.0.2) lib/action_text/rendering.rb:25:in 'ActionText::Rendering::ClassMethods#with_renderer'
actiontext (8.0.2) lib/action_text/engine.rb:71:in 'block (4 levels) in <class:Engine>'
activesupport (8.0.2) lib/active_support/callbacks.rb:129:in 'BasicObject#instance_exec'
activesupport (8.0.2) lib/active_support/callbacks.rb:129:in 'block in ActiveSupport::Callbacks#run_callbacks'
activesupport (8.0.2) lib/active_support/callbacks.rb:140:in 'ActiveSupport::Callbacks#run_callbacks'
actionpack (8.0.2) lib/abstract_controller/callbacks.rb:260:in 'AbstractController::Callbacks#process_action'
actionpack (8.0.2) lib/action_controller/metal/rescue.rb:27:in 'ActionController::Rescue#process_action'
actionpack (8.0.2) lib/action_controller/metal/instrumentation.rb:76:in 'block in ActionController::Instrumentation#process_action'
activesupport (8.0.2) lib/active_support/notifications.rb:210:in 'block in ActiveSupport::Notifications.instrument'
activesupport (8.0.2) lib/active_support/notifications/instrumenter.rb:58:in 'ActiveSupport::Notifications::Instrumenter#instrument'
activesupport (8.0.2) lib/active_support/notifications.rb:210:in 'ActiveSupport::Notifications.instrument'
actionpack (8.0.2) lib/action_controller/metal/instrumentation.rb:75:in 'ActionController::Instrumentation#process_action'
actionpack (8.0.2) lib/action_controller/metal/params_wrapper.rb:259:in 'ActionController::ParamsWrapper#process_action'
activerecord (8.0.2) lib/active_record/railties/controller_runtime.rb:39:in 'ActiveRecord::Railties::ControllerRuntime#process_action'
actionpack (8.0.2) lib/abstract_controller/base.rb:163:in 'AbstractController::Base#process'
actionview (8.0.2) lib/action_view/rendering.rb:40:in 'ActionView::Rendering#process'
actionpack (8.0.2) lib/action_controller/metal.rb:252:in 'ActionController::Metal#dispatch'
actionpack (8.0.2) lib/action_controller/metal.rb:335:in 'ActionController::Metal.dispatch'
actionpack (8.0.2) lib/action_dispatch/routing/route_set.rb:67:in 'ActionDispatch::Routing::RouteSet::Dispatcher#dispatch'
actionpack (8.0.2) lib/action_dispatch/routing/route_set.rb:50:in 'ActionDispatch::Routing::RouteSet::Dispatcher#serve'
actionpack (8.0.2) lib/action_dispatch/journey/router.rb:53:in 'block in ActionDispatch::Journey::Router#serve'
actionpack (8.0.2) lib/action_dispatch/journey/router.rb:133:in 'block in ActionDispatch::Journey::Router#find_routes'
actionpack (8.0.2) lib/action_dispatch/journey/router.rb:126:in 'Array#each'
actionpack (8.0.2) lib/action_dispatch/journey/router.rb:126:in 'ActionDispatch::Journey::Router#find_routes'
actionpack (8.0.2) lib/action_dispatch/journey/router.rb:34:in 'ActionDispatch::Journey::Router#serve'
actionpack (8.0.2) lib/action_dispatch/routing/route_set.rb:908:in 'ActionDispatch::Routing::RouteSet#call'
railties (8.0.2) lib/rails/engine/lazy_route_set.rb:68:in 'Rails::Engine::LazyRouteSet#call'
rack (3.1.16) lib/rack/tempfile_reaper.rb:20:in 'Rack::TempfileReaper#call'
rack (3.1.16) lib/rack/etag.rb:29:in 'Rack::ETag#call'
rack (3.1.16) lib/rack/conditional_get.rb:31:in 'Rack::ConditionalGet#call'
rack (3.1.16) lib/rack/head.rb:15:in 'Rack::Head#call'
actionpack (8.0.2) lib/action_dispatch/http/permissions_policy.rb:38:in 'ActionDispatch::PermissionsPolicy::Middleware#call'
actionpack (8.0.2) lib/action_dispatch/http/content_security_policy.rb:38:in 'ActionDispatch::ContentSecurityPolicy::Middleware#call'
rack-session (2.1.1) lib/rack/session/abstract/id.rb:274:in 'Rack::Session::Abstract::Persisted#context'
rack-session (2.1.1) lib/rack/session/abstract/id.rb:268:in 'Rack::Session::Abstract::Persisted#call'
actionpack (8.0.2) lib/action_dispatch/middleware/cookies.rb:706:in 'ActionDispatch::Cookies#call'
activerecord (8.0.2) lib/active_record/migration.rb:671:in 'ActiveRecord::Migration::CheckPending#call'
actionpack (8.0.2) lib/action_dispatch/middleware/callbacks.rb:31:in 'block in ActionDispatch::Callbacks#call'
activesupport (8.0.2) lib/active_support/callbacks.rb:100:in 'ActiveSupport::Callbacks#run_callbacks'
actionpack (8.0.2) lib/action_dispatch/middleware/callbacks.rb:30:in 'ActionDispatch::Callbacks#call'
actionpack (8.0.2) lib/action_dispatch/middleware/executor.rb:16:in 'ActionDispatch::Executor#call'
actionpack (8.0.2) lib/action_dispatch/middleware/actionable_exceptions.rb:18:in 'ActionDispatch::ActionableExceptions#call'
actionpack (8.0.2) lib/action_dispatch/middleware/debug_exceptions.rb:31:in 'ActionDispatch::DebugExceptions#call'
web-console (4.2.1) lib/web_console/middleware.rb:132:in 'WebConsole::Middleware#call_app'
web-console (4.2.1) lib/web_console/middleware.rb:28:in 'block in WebConsole::Middleware#call'
web-console (4.2.1) lib/web_console/middleware.rb:17:in 'Kernel#catch'
web-console (4.2.1) lib/web_console/middleware.rb:17:in 'WebConsole::Middleware#call'
actionpack (8.0.2) lib/action_dispatch/middleware/show_exceptions.rb:32:in 'ActionDispatch::ShowExceptions#call'
railties (8.0.2) lib/rails/rack/logger.rb:41:in 'Rails::Rack::Logger#call_app'
railties (8.0.2) lib/rails/rack/logger.rb:29:in 'Rails::Rack::Logger#call'
actionpack (8.0.2) lib/action_dispatch/middleware/remote_ip.rb:96:in 'ActionDispatch::RemoteIp#call'
actionpack (8.0.2) lib/action_dispatch/middleware/request_id.rb:34:in 'ActionDispatch::RequestId#call'
rack (3.1.16) lib/rack/method_override.rb:28:in 'Rack::MethodOverride#call'
rack (3.1.16) lib/rack/runtime.rb:24:in 'Rack::Runtime#call'
actionpack (8.0.2) lib/action_dispatch/middleware/server_timing.rb:61:in 'block in ActionDispatch::ServerTiming#call'
actionpack (8.0.2) lib/action_dispatch/middleware/server_timing.rb:26:in 'ActionDispatch::ServerTiming::Subscriber#collect_events'
actionpack (8.0.2) lib/action_dispatch/middleware/server_timing.rb:60:in 'ActionDispatch::ServerTiming#call'
actionpack (8.0.2) lib/action_dispatch/middleware/executor.rb:16:in 'ActionDispatch::Executor#call'
actionpack (8.0.2) lib/action_dispatch/middleware/static.rb:27:in 'ActionDispatch::Static#call'
rack (3.1.16) lib/rack/sendfile.rb:114:in 'Rack::Sendfile#call'
actionpack (8.0.2) lib/action_dispatch/middleware/host_authorization.rb:143:in 'ActionDispatch::HostAuthorization#call'
railties (8.0.2) lib/rails/engine.rb:535:in 'Rails::Engine#call'
puma (6.6.0) lib/puma/configuration.rb:279:in 'Puma::Configuration::ConfigMiddleware#call'
puma (6.6.0) lib/puma/request.rb:99:in 'block in Puma::Request#handle_request'
puma (6.6.0) lib/puma/thread_pool.rb:390:in 'Puma::ThreadPool#with_force_shutdown'
puma (6.6.0) lib/puma/request.rb:98:in 'Puma::Request#handle_request'
puma (6.6.0) lib/puma/server.rb:472:in 'Puma::Server#process_client'
puma (6.6.0) lib/puma/server.rb:254:in 'block in Puma::Server#run'
puma (6.6.0) lib/puma/thread_pool.rb:167:in 'block in Puma::ThreadPool#spawn_thread'
Started GET "/.well-known/appspecific/com.chrome.devtools.json" for ::1 at 2025-07-13 13:35:42 -0500
  
ActionController::RoutingError (No route matches [GET] "/.well-known/appspecific/com.chrome.devtools.json"):
  
Started GET "/user/edit.1" for ::1 at 2025-07-13 13:35:56 -0500
Processing by UsersController#edit as */*
  [1m[36mUser Load (2.6ms)[0m  [1m[34mSELECT "users".* FROM "users" ORDER BY "users"."id" ASC LIMIT 1 /*action='edit',application='Formality',controller='users'*/[0m
  ↳ app/controllers/users_controller.rb:5:in 'UsersController#edit'
  Rendering layout layouts/application.html.erb
  Rendering users/edit.html.erb within layouts/application
  Rendered users/edit.html.erb within layouts/application (Duration: 1.9ms | GC: 0.4ms)
  Rendered layout layouts/application.html.erb (Duration: 3.3ms | GC: 0.4ms)
Completed 200 OK in 36ms (Views: 4.3ms | ActiveRecord: 2.5ms (1 query, 0 cached) | GC: 0.7ms)


Started GET "/.well-known/appspecific/com.chrome.devtools.json" for ::1 at 2025-07-13 13:35:56 -0500
  
ActionController::RoutingError (No route matches [GET] "/.well-known/appspecific/com.chrome.devtools.json"):
  
Started GET "/user/edit.1" for ::1 at 2025-07-13 13:36:12 -0500
Processing by UsersController#edit as */*
  [1m[36mUser Load (0.0ms)[0m  [1m[34mSELECT "users".* FROM "users" ORDER BY "users"."id" ASC LIMIT 1 /*action='edit',application='Formality',controller='users'*/[0m
  ↳ app/controllers/users_controller.rb:5:in 'UsersController#edit'
  Rendering layout layouts/application.html.erb
  Rendering users/edit.html.erb within layouts/application
  Rendered users/edit.html.erb within layouts/application (Duration: 1.1ms | GC: 0.0ms)
  Rendered layout layouts/application.html.erb (Duration: 2.2ms | GC: 0.0ms)
Completed 200 OK in 30ms (Views: 2.9ms | ActiveRecord: 0.8ms (1 query, 0 cached) | GC: 0.0ms)


Started GET "/.well-known/appspecific/com.chrome.devtools.json" for ::1 at 2025-07-13 13:36:12 -0500
  
ActionController::RoutingError (No route matches [GET] "/.well-known/appspecific/com.chrome.devtools.json"):
  
Started GET "/" for ::1 at 2025-07-13 13:37:41 -0500
Processing by Rails::WelcomeController#index as HTML
  Rendering /Users/rizwanreza/.rbenv/versions/3.4.1/lib/ruby/gems/3.4.0/gems/railties-8.0.2/lib/rails/templates/rails/welcome/index.html.erb
  Rendered /Users/rizwanreza/.rbenv/versions/3.4.1/lib/ruby/gems/3.4.0/gems/railties-8.0.2/lib/rails/templates/rails/welcome/index.html.erb (Duration: 0.3ms | GC: 0.0ms)
Completed 200 OK in 30ms (Views: 0.9ms | ActiveRecord: 0.0ms (0 queries, 0 cached) | GC: 0.0ms)


Started GET "/user/edit.1" for ::1 at 2025-07-13 13:37:42 -0500
Processing by UsersController#edit as */*
  [1m[36mUser Load (0.0ms)[0m  [1m[34mSELECT "users".* FROM "users" ORDER BY "users"."id" ASC LIMIT 1 /*action='edit',application='Formality',controller='users'*/[0m
  ↳ app/controllers/users_controller.rb:5:in 'UsersController#edit'
  Rendering layout layouts/application.html.erb
  Rendering users/edit.html.erb within layouts/application
